// Jest Snapshot v1, https://goo.gl/fbAQLP

exports[`renders demo correctly 1`] = `
<div>
  <div>
    <div class="van-cell-group van-hairline--top-bottom">
      <div class="van-cell van-field van-select" label="基本用法" placeholder="请选择性别" value="2">
        <div class="van-cell__title van-field__label"><span>基本用法</span></div>
        <div class="van-cell__value van-field__value">
          <div class="van-field__body"><input type="text" readonly="readonly" placeholder="请选择性别" class="van-field__control"></div>
        </div>
      </div>
    </div>
  </div>
</div>
`;
